52
53
52
53
47
48
47
50
50
28
46
52
47
46
49
48
50
50
48
46
47
45
50
48
46
52
48
50
53
51
51
35
45
52
46
53
53
49
49
49
47
53
48
51
52
51
51
44
47
51
47
46
51
53
48
52
53
50
53
51
51
52
42
49
40
38
37
47
53
48
51
49
47
48
52
53
47
47
38
47
48
49
37
53
51
43
37
49
41
46
47
46
47
49
48
51
47
42
53
38
49
49
50
50
52
46
50
37
53
53
50
51
52
50
45
51
48
47
50
49
51
51
47
48
40
49
52
49
50
52
44
46
49
53
46
40
52
50
51
53
48
48
46
47
50
40
52
47
50
44
46
50
49
51
48
49
46
53
46
51
49
