46
47
48
50
47
53
51
53
47
50
50
53
50
52
47
50
52
48
49
42
46
48
53
52
50
50
51
46
49
47
49
40
48
49
46
50
47
53
51
50
46
48
52
47
46
46
47
50
52
48
51
50
49
50
52
49
47
49
42
49
37
50
45
46
51
47
52
53
48
52
49
51
47
37
46
51
49
31
47
53
51
48
49
52
50
46
50
37
37
50
50
49
47
52
46
52
47
49
52
49
49
46
51
46
46
50
50
37
48
51
46
47
38
48
53
53
50
51
51
51
49
44
48
47
53
50
45
47
43
48
49
49
26
47
49
52
53
52
48
46
51
52
47
49
48
52
47
45
52
37
50
48
48
45
48
53
49
43
46
52
49
49
52
44
42
51
53
52
46
47
46
51
52
47
43
51
47
46
48
49
49
53
46
46
47
52
48
37
49
51
51
42
50
50
52
47
49
48
47
38
50
53
40
