52
51
53
48
46
52
50
53
47
49
47
51
47
52
48
52
52
49
48
48
52
40
53
49
51
52
51
48
46
46
53
46
46
51
45
48
46
51
47
44
48
49
52
38
48
46
37
48
51
46
53
47
52
51
48
50
49
46
52
48
52
48
46
51
51
53
51
50
53
47
53
51
53
52
49
51
46
51
52
43
49
46
50
33
50
50
50
49
47
49
48
47
49
52
51
47
49
52
52
40
37
48
50
38
51
53
52
51
46
48
43
52
38
47
43
50
50
50
51
50
48
53
50
53
48
48
46
46
46
49
52
50
41
52
46
53
52
51
52
51
53
53
48
39
46
51
52
51
52
53
49
50
46
48
48
49
50
47
41
48
46
48
48
46
53
52
53
46
51
46
46
50
52
53
37
41
52
46
48
48
53
44
53
41
47
48
47
48
49
46
48
51
52
47
53
53
